            Copy-DbaDatabase @dbParams
        } -SuccessMessage "Migrated databases: $($scope['Databases'] -join ', ')"
        if (-not $success) {
            $ErrorTracker['Database'] = $true
            throw "Database migration failed"
        }
